---
source: malva/tests/fmt.rs
---
@namespace foo "http://www.example.com";
[foo|att="val"] {}
[*|att] {}
[|att] {}
[att] {}
