---
source: malva/tests/fmt.rs
---
// Convention in this test file:
// - The case should be preserved for things prefixed with "Keep".
// - The case should always be preserved for element names and attribute names
//   in selectors, as well as function names and property keywords.
// - Other things should mostly be lowercase.

html#KeepId.KeepClass,
a[HREF=KeepAttrValue]:hover::first-letter,
svg[viewBox] lineargradient,
:not(:nth-child(2n+1)) {
  color: #aabbcc;
  background-image: url("KeepString");
  margin: 5px 0.2e10em;
  --Keep-custom-Prop: red;
  background: Var(--Keep-custom-Prop);
  animation-name: KeepAnimationName;
  important: something !important;
  font-family: INITIAL;
  padding: UNSET;
  border: INHERIT;
  all: REVERT;
  -webkit-user-select: none;
  -moz-user-select: none;
  -ms-user-select: none;
  user-select: none;
}

@keyframes KeepAnimationName {
  from {
    prop: val;
  }

  @{KeepInterpolationVar} {
    prop: val;
  }

  to {
    prop: val;
  }
}

@custom-media --KeepCustomMedia screen and (width >= 768px);
@media (--KeepCustomMedia) {}

@KeepDetachedRuleset: /*:*/ {
  BACKGROUND: RED;
};

@KeepTopLevelVar: val;

.Keep(@Keep: 12e03px) when (@Keep = Case) /*:*/ {
  @KeepVar: KeepName; /*:*/
  @{KeepInterpolationVar}: val;

  @{Keep}[@{Keep}][@{Keep}^=@{Keep-1A}]:@{Keep} {
    prop: val;
  }

  &Keep & element {
    prop: val;
  }

  @KeepDetachedRuleset();

  &:extend(.Keep all);
  &:extend(.Keep all);

  .Keep;
  .Keep();
  .Keep(4px) !important;
  .Keep() when (@Keep = Keep) {}
  .Keep() when (@Keep = 12px) {}
  .Keep() when (@Keep = "12px") {}
  .Keep() when (@Keep = "12PX") {}
  .Keep() when (@Keep = Keep12PX) {}
}

.Keep(@Keep) when (lightness(@Keep) >= 12px) and (@Keep > 0) {}
.Keep(@Keep) when (lightness(@Keep) >= Keep12PX) and (@Keep > @Keep12E5) {}

.Keep(@Keep: 12px; @Keep: @Keep12PX; ...) /*:*/ {}
.Keep(@Keep: "12PX"; @Keep: "12PX"; ...) /*:*/ {}

@media (min-width: 700px) /*:*/ {}

@keyframes identifier {
  from {
    margin-top: 50px;
  }
  50% {
    margin-top: 150px;
  }
  to {
    margin-top: 100px;
  }
}

@-webkit-keyframes float-up {
  from {
    margin-top: 50px;
  }
  50% {
    margin-top: 150px;
  }
  to {
    margin-top: 100px;
  }
}

.foo {
  color: hsl(0.75turn, 60%, 70%);
}

p:first-child {
  color: lime;
  background-color: black;
  padding: 5px;
}

a::after {
  content: "→";
}

a:after {
  content: "→";
}

::-webkit-progress-bar {
  background-color: orange;
}

table {}

.foo {
  &-KeepSelector {}
  &-KeepSelector & .KeepClassSelector {}
  &-100\.200 {}
}

