---
source: malva/tests/fmt.rs
---
@function test() // x
  @return a

