---
source: malva/tests/fmt.rs
---
/* non-standard syntax, but for Tailwind CSS */
@media screen(md) {}
