---
source: malva/tests/fmt.rs
---
:root {
  --color-accent-fg: theme(colors.slate.100);
}
