---
source: malva/tests/fmt.rs
---
// http://lesscss.org/functions/#list-functions-each

@selectors: blue, green, red;

each(
  @selectors,
  {
    .sel-@{value} {
      a: b;
    }
  }
);

each(
  @selectors,
  {
    .sel-@{value} {
      a: b;
    }
  }
);

