---
source: malva/tests/fmt.rs
---
@variable: {
  field: something;
};
