---
source: malva/tests/fmt.rs
---
details[open] {}

div {
  box-sizing: border-box;
  color: red;
}

