---
source: malva/tests/fmt.rs
---
/* Kikoo */
/**
 * Kikoo
 */

