---
source: malva/tests/fmt.rs
---
.foo {
  color: red;
}

/*# sourceMappingURL=file.css.map */

