---
source: malva/tests/fmt.rs
---
@{selector} {}

