---
source: malva/tests/fmt.rs
---
.blah {
  /* hloow <|> */
  background-color: white;
}
