---
source: malva/tests/fmt.rs
---
@forward "foo.scss" with ($components: red);

