---
source: malva/tests/fmt.rs
---
div {
  max-height: none !important;
}
