---
source: malva/tests/fmt.rs
---
/*cfg trailingComma = true*/
.mixin(a; b) {}
.mixin(a; b);
.mixin(
  aaaaaaaaaaaaaaaaaaaaaaaaaaaaaaaaaaaaaaaaaaaaa;
  bbbbbbbbbbbbbbbbbbbbbbbbbb;
) {}
.mixin(
  aaaaaaaaaaaaaaaaaaaaaaaaaaaaaaaaaaaaaaaaaaaaa;
  bbbbbbbbbbbbbbbbbbbbbbbbbb;
);
