---
source: malva/tests/fmt.rs
---
@at-root .foo // .bar
{}

@at-root // .bar
.foo {}

