---
source: malva/tests/fmt.rs
---
/* DO NOT ADD EXTRA CODE TO THIS FILE */
@import "a";
//*
@import "b";
/* block */
/*no-space block*/

