---
source: malva/tests/fmt.rs
---
@media (max-width: 1) {}
a {
  // element.style */
}

