---
source: malva/tests/fmt.rs
---
/*cfg "selectors.preferSingleLine" = true*/
a, b {
  color: rgb(
    0,
    0,
    0
  );
}

@keyframes kf {
  from, to {}
}
