---
source: malva/tests/fmt.rs
---
@font-face {
  src: url();
}

