---
source: malva/tests/fmt.rs
---
@include bar(
  rgba(
    50
    50
    0.50
    50... // comment
  )
);

