---
source: malva/tests/fmt.rs
---
@qux .foo // .bar
{}
