---
source: malva/tests/fmt.rs
---
/*cfg preferSingleLine = true*/

@import (inline, css, multiple) url("import/invalid-css.less");

.mixin(@a, @b, @c) {}

.mixin(@a, @b, @c);
