---
source: malva/tests/fmt.rs
---
/*cfg ignoreCommentDirective = "dprint-ignore" */

a, b {}

/* dprint-ignore*/
a,b{}

/* dprint-ignore for some reason */
a,b{}

a {
  /* dprint-ignore */
  width   :  0;
  height: 0;
}

/* do not dprint-ignore */
a, b {}

/* dprint-ignore-will-not-apply */
a, b {}

/* malva-ignore will not apply */
a, b {}
