---
source: malva/tests/fmt.rs
---
/* malva-ignore-file */
a,b{}
a,b{}
