---
source: malva/tests/fmt.rs
---
.simplification {
  foo: (
    calc() // not a comment anymore
  );
}
