---
source: malva/tests/fmt.rs
---
.ag-theme-balham {
  @include ag-theme-balham(
    (
      foreground-color: $custom-foreground-color,
      disabled-foreground-color: null // TODO some comment
    )
  );
}
