---
source: malva/tests/fmt.rs
---
@import "rounded-corners", "text-shadow";
@import "rounded-corners", "text-shadow";

