---
source: malva/tests/fmt.rs
---
.toolbar {
  @apply --toolbar-theme;
}
