---
source: malva/tests/fmt.rs
---
@charset "utf-8";
