---
source: malva/tests/fmt.rs
---
.foo {
  color: #abcdef;
}

