---
source: malva/tests/fmt.rs
---
@custom-media --small-viewport (max-width: 30em);

@media (--small-viewport) {
  .rule {
    color: blue;
  }
}
