---
source: malva/tests/fmt.rs
---
div {
  background-image: url(data:image/png;base64,iVBORw0KGg);
}
