---
source: malva/tests/fmt.rs
---
@import "./settings";

@import "./components";
@import "./themes";
.class {
  float: left;
}

