---
source: malva/tests/fmt.rs
---
.foo {
  margin: var(--n-gutterSize) 0 var(--gutterSize) var(--n-gutterSize);
}
