---
source: malva/tests/fmt.rs
---
.class {
  -webkit-box-sizing: border-box;
  box-sizing: border-box;
}

